<html>
<body>
<pre>
<h1>µVision Build Log</h1>
<h2>Tool Versions:</h2>
IDE-Version: µVision V5.34.0.0
Copyright (C) 2021 ARM Ltd and ARM Germany GmbH. All rights reserved.
License Information: CSN CSN, INSA de Toulouse, LIC=----
 
Tool Versions:
Toolchain:       MDK-Lite  Version: 5.34.0.0
Toolchain Path:  C:\Keil_v5\ARM\ARMCLANG\Bin
C Compiler:      ArmClang.exe V6.16
Assembler:       Armasm.exe V6.16
Linker/Locator:  ArmLink.exe V6.16
Library Manager: ArmAr.exe V6.16
Hex Converter:   FromElf.exe V6.16
CPU DLL:         SARMCM3.DLL V5.34.0.0
Dialog DLL:      DARMSTM.DLL V1.68.0.0
Target DLL:      STLink\ST-LINKIII-KEIL_SWO.dll V3.0.8.0
Dialog DLL:      TARMSTM.DLL V1.66.0.0
 
<h2>Project:</h2>
U:\Windows\Bureau\STM32F1\Timers STM321F\Projet Timer STM32F1.uvprojx
Project File Date:  09/27/2021

<h2>Output:</h2>
*** Using Compiler 'V6.16', folder: 'C:\Keil_v5\ARM\ARMCLANG\Bin'
Rebuild target 'Reel'
assembling startup_stm32f10x_md.s...
Source/gpio.c(19): warning: implicit conversion changes signedness: 'int' to 'unsigned int' [-Wsign-conversion]
                GPIOStructPtr->GPIO->CRH &= ~(0x0f << (GPIOStructPtr->GPIO_Pin - 8) * 4);
                                         ~~ ^~~~~~~~~~~~~~~~~~~~~~~~~~~~~~~~~~~~~~~~~~~~
Source/gpio.c(20): warning: implicit conversion changes signedness: 'int' to 'unsigned int' [-Wsign-conversion]
                GPIOStructPtr->GPIO->CRH |= (GPIOStructPtr->GPIO_Conf << (GPIOStructPtr->GPIO_Pin - 8) * 4);
                                         ~~  ~~~~~~~~~~~~~~~~~~~~~~~~~^~~~~~~~~~~~~~~~~~~~~~~~~~~~~~~~~~~~
Source/gpio.c(22): warning: implicit conversion changes signedness: 'int' to 'unsigned int' [-Wsign-conversion]
                GPIOStructPtr->GPIO->CRL &= ~(0x0f << (GPIOStructPtr->GPIO_Pin) * 4);
                                         ~~ ^~~~~~~~~~~~~~~~~~~~~~~~~~~~~~~~~~~~~~~~
Source/gpio.c(23): warning: implicit conversion changes signedness: 'int' to 'unsigned int' [-Wsign-conversion]
                GPIOStructPtr->GPIO->CRL |= (GPIOStructPtr->GPIO_Conf << (GPIOStructPtr->GPIO_Pin) * 4);
                                         ~~  ~~~~~~~~~~~~~~~~~~~~~~~~~^~~~~~~~~~~~~~~~~~~~~~~~~~~~~~~~
Source/gpio.c(1): warning: In file included from...
Source/gpio.h(8): warning: padding size of 'MyGPIO_Struct_TypeDef' with 2 bytes to alignment boundary [-Wpadded]
typedef struct
        ^
Source/gpio.c(29): warning: implicit conversion changes signedness: 'unsigned int' to 'int' [-Wsign-conversion]
        return (GPIO->IDR & (0x01 << GPIO_Pin));        
        ~~~~~~  ~~~~~~~~~~^~~~~~~~~~~~~~~~~~~~
Source/gpio.c(39): warning: implicit conversion changes signedness: 'int' to 'unsigned int' [-Wsign-conversion]
        GPIO->ODR &= (0x00 << GPIO_Pin);        
                  ~~  ~~~~~^~~~~~~~~~~
7 warnings generated.
compiling gpio.c...
Source/main.c(10): warning: no previous prototype for function 'Callback' [-Wmissing-prototypes]
void Callback(void) {
     ^
Source/main.c(10): note: declare 'static' if the function is not intended to be used outside of this translation unit
void Callback(void) {
^
static 
Source/main.c(3): warning: In file included from...
Source/gpio.h(8): warning: padding size of 'MyGPIO_Struct_TypeDef' with 2 bytes to alignment boundary [-Wpadded]
typedef struct
        ^
Source/main.c(46): warning: implicit conversion loses floating-point precision: 'double' to 'float' [-Wimplicit-float-conversion]
        Rapport_Cyclique (myTimer.Timer ,1 , 0.7 );
        ~~~~~~~~~~~~~~~~                     ^~~
Source/main.c(8): warning: no previous extern declaration for non-static variable 'led' [-Wmissing-variable-declarations]
MyGPIO_Struct_TypeDef led;
                      ^
Source/main.c(8): note: declare 'static' if the variable is not intended to be used outside of this translation unit
MyGPIO_Struct_TypeDef led;
^
4 warnings generated.
compiling main.c...
RTE/Device/STM32F103RB/system_stm32f10x.c(167): warning: no previous extern declaration for non-static variable 'AHBPrescTable' [-Wmissing-variable-declarations]
__I uint8_t AHBPrescTable[16] = {0, 0, 0, 0, 0, 0, 0, 0, 1, 2, 3, 4, 6, 7, 8, 9};
            ^
RTE/Device/STM32F103RB/system_stm32f10x.c(167): note: declare 'static' if the variable is not intended to be used outside of this translation unit
__I uint8_t AHBPrescTable[16] = {0, 0, 0, 0, 0, 0, 0, 0, 1, 2, 3, 4, 6, 7, 8, 9};
    ^
1 warning generated.
compiling system_stm32f10x.c...
Source/timer.c(54): warning: no previous prototype for function 'TIM1_UP_IRQHandler' [-Wmissing-prototypes]
void TIM1_UP_IRQHandler(void) { 
     ^
Source/timer.c(54): note: declare 'static' if the function is not intended to be used outside of this translation unit
void TIM1_UP_IRQHandler(void) { 
^
static 
Source/timer.c(63): warning: no previous prototype for function 'TIM2_IRQHandler' [-Wmissing-prototypes]
void TIM2_IRQHandler(void) { 
     ^
Source/timer.c(63): note: declare 'static' if the function is not intended to be used outside of this translation unit
void TIM2_IRQHandler(void) { 
^
static 
Source/timer.c(72): warning: no previous prototype for function 'TIM3_IRQHandler' [-Wmissing-prototypes]
void TIM3_IRQHandler(void) { 
     ^
Source/timer.c(72): note: declare 'static' if the function is not intended to be used outside of this translation unit
void TIM3_IRQHandler(void) { 
^
static 
Source/timer.c(81): warning: no previous prototype for function 'TIM4_IRQHandler' [-Wmissing-prototypes]
void TIM4_IRQHandler(void) { 
     ^
Source/timer.c(81): note: declare 'static' if the function is not intended to be used outside of this translation unit
void TIM4_IRQHandler(void) { 
^
static 
Source/timer.c(125): warning: implicit conversion turns floating-point number into integer: 'float' to 'uint16_t' (aka 'unsigned short') [-Wfloat-conversion]
                Timer->CCR1 = (int)Timer->ARR * Ratio;
                            ~ ~~~~~~~~~~~~~~~~^~~~~~~
Source/timer.c(125): warning: implicit conversion from 'int' to 'float' may lose precision [-Wimplicit-int-float-conversion]
                Timer->CCR1 = (int)Timer->ARR * Ratio;
                              ^~~~~~~~~~~~~~~ ~
Source/timer.c(128): warning: implicit conversion turns floating-point number into integer: 'float' to 'uint16_t' (aka 'unsigned short') [-Wfloat-conversion]
                Timer->CCR2 = (int)Timer->ARR * Ratio;
                            ~ ~~~~~~~~~~~~~~~~^~~~~~~
Source/timer.c(128): warning: implicit conversion from 'int' to 'float' may lose precision [-Wimplicit-int-float-conversion]
                Timer->CCR2 = (int)Timer->ARR * Ratio;
                              ^~~~~~~~~~~~~~~ ~
Source/timer.c(131): warning: implicit conversion turns floating-point number into integer: 'float' to 'uint16_t' (aka 'unsigned short') [-Wfloat-conversion]
                Timer->CCR3 = (int)Timer->ARR * Ratio;
                            ~ ~~~~~~~~~~~~~~~~^~~~~~~
Source/timer.c(131): warning: implicit conversion from 'int' to 'float' may lose precision [-Wimplicit-int-float-conversion]
                Timer->CCR3 = (int)Timer->ARR * Ratio;
                              ^~~~~~~~~~~~~~~ ~
Source/timer.c(134): warning: implicit conversion turns floating-point number into integer: 'float' to 'uint16_t' (aka 'unsigned short') [-Wfloat-conversion]
                Timer->CCR4 = (int)Timer->ARR * Ratio;
                            ~ ~~~~~~~~~~~~~~~~^~~~~~~
Source/timer.c(134): warning: implicit conversion from 'int' to 'float' may lose precision [-Wimplicit-int-float-conversion]
                Timer->CCR4 = (int)Timer->ARR * Ratio;
                              ^~~~~~~~~~~~~~~ ~
Source/timer.c(5): warning: no previous extern declaration for non-static variable 'callback' [-Wmissing-variable-declarations]
void ( * callback)(void);
         ^
Source/timer.c(5): note: declare 'static' if the variable is not intended to be used outside of this translation unit
void ( * callback)(void);
^
13 warnings generated.
compiling timer.c...
linking...
Program Size: Code=2144 RO-data=252 RW-data=0 ZI-data=1648  
".\Objects\Projet Timer STM32F1.axf" - 0 Error(s), 25 Warning(s).

<h2>Software Packages used:</h2>

Package Vendor: ARM
                http://www.keil.com/pack/ARM.CMSIS.5.7.0.pack
                ARM.CMSIS.5.7.0
                CMSIS (Cortex Microcontroller Software Interface Standard)
   * Component: CORE Version: 5.4.0

Package Vendor: Keil
                http://www.keil.com/pack/Keil.STM32F1xx_DFP.2.3.0.pack
                Keil.STM32F1xx_DFP.2.3.0
                STMicroelectronics STM32F1 Series Device Support, Drivers and Examples
   * Component: Startup Version: 1.0.0

<h2>Collection of Component include folders:</h2>
  .\RTE\Device\STM32F103RB
  .\RTE\_Reel
  C:\Programdata\Keil\Arm\Packs\ARM\CMSIS\5.7.0\CMSIS\Core\Include
  C:\Programdata\Keil\Arm\Packs\Keil\STM32F1xx_DFP\2.3.0\Device\Include

<h2>Collection of Component Files used:</h2>

   * Component: ARM::CMSIS:CORE:5.4.0

   * Component: Keil::Device:Startup:1.0.0
      Source file:   Device\Source\system_stm32f10x.c
      Include file:  RTE_Driver\Config\RTE_Device.h
      Source file:   Device\Source\ARM\startup_stm32f10x_md.s
      Source file:   Device\Source\ARM\STM32F1xx_OPT.s
Build Time Elapsed:  00:00:01
</pre>
</body>
</html>
